
Alice in her own words:

    Hi, I'm Alice. ~mew~

Alice, after the evolution, introducing herself:

    Hi, I'm Alice. ~meow~ Today, we are going to learn about Epistemology

